###############################################################################
#
# IAR ELF Linker V2.20.1.176 for STM8                     29/Mar/2016  15:15:55
# Copyright 2010-2015 IAR Systems AB.
#
#    Output file  =  D:\Project\STM8\UART_key\Debug\Exe\UART_key.out
#    Map file     =  D:\Project\STM8\UART_key\Debug\List\UART_key.map
#    Command line =  
#        D:\Project\STM8\UART_key\Debug\Obj\Board.o
#        D:\Project\STM8\UART_key\Debug\Obj\main.o
#        D:\Project\STM8\UART_key\Debug\Obj\stm8l10x_awu.o
#        D:\Project\STM8\UART_key\Debug\Obj\stm8l10x_beep.o
#        D:\Project\STM8\UART_key\Debug\Obj\stm8l10x_clk.o
#        D:\Project\STM8\UART_key\Debug\Obj\stm8l10x_comp.o
#        D:\Project\STM8\UART_key\Debug\Obj\stm8l10x_exti.o
#        D:\Project\STM8\UART_key\Debug\Obj\stm8l10x_flash.o
#        D:\Project\STM8\UART_key\Debug\Obj\stm8l10x_gpio.o
#        D:\Project\STM8\UART_key\Debug\Obj\stm8l10x_i2c.o
#        D:\Project\STM8\UART_key\Debug\Obj\stm8l10x_irtim.o
#        D:\Project\STM8\UART_key\Debug\Obj\stm8l10x_it.o
#        D:\Project\STM8\UART_key\Debug\Obj\stm8l10x_itc.o
#        D:\Project\STM8\UART_key\Debug\Obj\stm8l10x_iwdg.o
#        D:\Project\STM8\UART_key\Debug\Obj\stm8l10x_rst.o
#        D:\Project\STM8\UART_key\Debug\Obj\stm8l10x_spi.o
#        D:\Project\STM8\UART_key\Debug\Obj\stm8l10x_tim2.o
#        D:\Project\STM8\UART_key\Debug\Obj\stm8l10x_tim3.o
#        D:\Project\STM8\UART_key\Debug\Obj\stm8l10x_tim4.o
#        D:\Project\STM8\UART_key\Debug\Obj\stm8l10x_usart.o
#        D:\Project\STM8\UART_key\Debug\Obj\stm8l10x_wfe.o --redirect
#        _Printf=_PrintfSmall --redirect _Scanf=_ScanfSmall -o
#        D:\Project\STM8\UART_key\Debug\Exe\UART_key.out --map
#        D:\Project\STM8\UART_key\Debug\List\UART_key.map --config "D:\Develop
#        Tools\IAR Systems\Embedded Workbench
#        7.3\stm8\config\lnkstm8l101f3.icf" --config_def _CSTACK_SIZE=0x100
#        --config_def _HEAP_SIZE=0x100 --entry __iar_program_start --debug_lib
#
###############################################################################

*******************************************************************************
*** RUNTIME MODEL ATTRIBUTES
***

__SystemLibrary            = DLib
__code_model               = small
__core                     = stm8
__data_model               = medium
__dlib_file_descriptor     = 0
__dlib_full_locale_support = 0
__rt_version               = 4


*******************************************************************************
*** PLACEMENT SUMMARY
***

"A1":  place at start of [0x000000-0x0000ff] { rw section .vregs };
"A2":  place at end of [0x000000-0x0005ff] { block CSTACK };
"P2":  place in [from 0x000000 to 0x0005ff] {
          block HEAP, rw section __DLIB_PERTHREAD, rw section .far.bss,
          rw section .far.data, rw section .far.noinit,
          rw section .far_func.textrw, rw section .huge.bss,
          rw section .huge.data, rw section .huge.noinit,
          rw section .huge_func.textrw, rw section .iar.dynexit,
          rw section .near.bss, rw section .near.data, rw section .near.noinit,
          rw section .near_func.textrw };
"A3":  place at start of [0x008000-0x009fff] { block INTVEC };
"P3":  place in [from 0x008000 to 0x009fff] {
          ro section __DLIB_PERTHREAD_init, ro section .far.data_init,
          ro section .far_func.textrw_init, ro section .huge.data_init,
          ro section .huge_func.textrw_init, ro section .iar.init_table,
          ro section .init_array, ro section .near.data_init,
          ro section .near.rodata, ro section .near_func.text,
          ro section .near_func.textrw_init, ro section .tiny.data_init,
          ro section .tiny.rodata_init };

  Section            Kind      Address   Size  Object
  -------            ----      -------   ----  ------
"A1":                                    0x10
  .vregs             uninit   0x000000   0x10  vregs.o [4]
                            - 0x000010   0x10

"P2":                                    0x15
  P2-1                        0x000010   0x15  <Init block>
    .near.data       inited   0x000010    0x8  main.o [1]
    .near.bss        inited   0x000018    0x1  main.o [1]
    .near.bss        inited   0x000019    0x1  main.o [1]
    .near.bss        inited   0x00001a    0xa  main.o [1]
    .near.bss        inited   0x000024    0x1  main.o [1]
                            - 0x000025   0x15

"A2":                                   0x100
  CSTACK                      0x000500  0x100  <Block>
    CSTACK           uninit   0x000500  0x100  <Block tail>
                            - 0x000600  0x100

"A3":                                    0x80
  INTVEC                      0x008000   0x80  <Block>
    .intvec          const    0x008000   0x80  interrupt.o [4]
                            - 0x008080   0x80

"P3":                                   0x70e
  .near_func.text    ro code  0x008080  0x10d  stm8l10x_exti.o [1]
  .near_func.text    ro code  0x00818d   0xb8  vreg_util.o [4]
  .near_func.text    ro code  0x008245   0x9d  stm8l10x_gpio.o [1]
  .near_func.text    ro code  0x0082e2   0x8b  stm8l10x_usart.o [1]
  .near_func.text    ro code  0x00836d   0x72  long.o [4]
  .near_func.text    ro code  0x0083df   0x57  main.o [1]
  .near_func.text    ro code  0x008436   0x4b  stm8l10x_usart.o [1]
  .near_func.text    ro code  0x008481   0x35  Board.o [1]
  .near_func.text    ro code  0x0084b6   0x35  stm8l10x_clk.o [1]
  .near_func.text    ro code  0x0084eb   0x32  Board.o [1]
  .near_func.text    ro code  0x00851d   0x30  Board.o [1]
  .near_func.text    ro code  0x00854d   0x2d  main.o [1]
  .near_func.text    ro code  0x00857a   0x2c  stm8l10x_gpio.o [1]
  .near_func.text    ro code  0x0085a6   0x28  init_small.o [4]
  .iar.init_table    const    0x0085ce    0xa  - Linker created -
  .near_func.text    ro code  0x0085d8   0x20  Board.o [1]
  .near_func.text    ro code  0x0085f8   0x20  stm8l10x_usart.o [1]
  .near_func.text    ro code  0x008618   0x1c  Board.o [1]
  .near_func.text    ro code  0x008634   0x18  stm8l10x_exti.o [1]
  .near_func.text    ro code  0x00864c   0x17  init.o [4]
  .near_func.text    ro code  0x008663   0x16  Board.o [1]
  .near_func.text    ro code  0x008679   0x16  stm8l10x_it.o [1]
  .near_func.text    ro code  0x00868f   0x16  stm8l10x_it.o [1]
  Initializer bytes  const    0x0086a5   0x15  <for P2-1>
  .near_func.text    ro code  0x0086ba   0x14  __dbg_xxexit.o [3]
  .near_func.text    ro code  0x0086ce   0x13  stm8l10x_clk.o [1]
  .near_func.text    ro code  0x0086e1   0x13  cstartup.o [4]
  .near_func.text    ro code  0x0086f4   0x10  stm8l10x_clk.o [1]
  .near_func.text    ro code  0x008704    0xd  stm8l10x_usart.o [1]
  .near_func.text    ro code  0x008711    0xd  short.o [4]
  .near_func.text    ro code  0x00871e    0xd  dc_util.o [4]
  .near_func.text    ro code  0x00872b    0xc  long_util.o [4]
  .near_func.text    ro code  0x008737    0xb  Board.o [1]
  .near_func.text    ro code  0x008742    0xa  main.o [1]
  .near_func.text    ro code  0x00874c    0x7  stm8l10x_gpio.o [1]
  .near_func.text    ro code  0x008753    0x5  cexit.o [4]
  .near.rodata       const    0x008758    0x4  stm8l10x_clk.o [1]
  .near_func.text    ro code  0x00875c    0x4  Board.o [1]
  .near_func.text    ro code  0x008760    0x4  stm8l10x_gpio.o [1]
  .near_func.text    ro code  0x008764    0x4  stm8l10x_usart.o [1]
  .near_func.text    ro code  0x008768    0x4  stm8l10x_usart.o [1]
  .near_func.text    ro code  0x00876c    0x3  interrupt.o [4]
  .near_func.text    ro code  0x00876f    0x3  low_level_init.o [4]
  .near_func.text    ro code  0x008772    0x3  exit.o [4]
  .near_func.text    ro code  0x008775    0x3  unhandled_exception.o [4]
  .near_func.text    ro code  0x008778    0x1  stm8l10x_it.o [1]
  .near_func.text    ro code  0x008779    0x1  stm8l10x_it.o [1]
  .near_func.text    ro code  0x00877a    0x1  stm8l10x_it.o [1]
  .near_func.text    ro code  0x00877b    0x1  stm8l10x_it.o [1]
  .near_func.text    ro code  0x00877c    0x1  stm8l10x_it.o [1]
  .near_func.text    ro code  0x00877d    0x1  stm8l10x_it.o [1]
  .near_func.text    ro code  0x00877e    0x1  stm8l10x_it.o [1]
  .near_func.text    ro code  0x00877f    0x1  stm8l10x_it.o [1]
  .near_func.text    ro code  0x008780    0x1  stm8l10x_it.o [1]
  .near_func.text    ro code  0x008781    0x1  stm8l10x_it.o [1]
  .near_func.text    ro code  0x008782    0x1  stm8l10x_it.o [1]
  .near_func.text    ro code  0x008783    0x1  stm8l10x_it.o [1]
  .near_func.text    ro code  0x008784    0x1  stm8l10x_it.o [1]
  .near_func.text    ro code  0x008785    0x1  stm8l10x_it.o [1]
  .near_func.text    ro code  0x008786    0x1  stm8l10x_it.o [1]
  .near_func.text    ro code  0x008787    0x1  stm8l10x_it.o [1]
  .near_func.text    ro code  0x008788    0x1  stm8l10x_it.o [1]
  .near_func.text    ro code  0x008789    0x1  stm8l10x_it.o [1]
  .near_func.text    ro code  0x00878a    0x1  stm8l10x_it.o [1]
  .near_func.text    ro code  0x00878b    0x1  stm8l10x_it.o [1]
  .near_func.text    ro code  0x00878c    0x1  stm8l10x_it.o [1]
  .near_func.text    ro code  0x00878d    0x1  __dbg_break.o [3]
                            - 0x00878e  0x70e


*******************************************************************************
*** INIT TABLE
***

          Address   Size
          -------   ----
Copy (__iar_copy_init2)
    1 source range, total size 0x15:
          0x0086a5  0x15
    1 destination range, total size 0x15:
          0x000010  0x15



*******************************************************************************
*** MODULE SUMMARY
***

    Module                 ro code  ro data  rw data
    ------                 -------  -------  -------
D:\Project\STM8\UART_key\Debug\Obj: [1]
    Board.o                    248
    main.o                     142       21       21
    stm8l10x_clk.o              88        4
    stm8l10x_exti.o            293
    stm8l10x_gpio.o            212
    stm8l10x_it.o               65
    stm8l10x_usart.o           267
    ------------------------------------------------
    Total:                   1 315       25       21

command line: [2]
    ------------------------------------------------
    Total:

dbgstm8smd.a: [3]
    __dbg_break.o                1
    __dbg_xxexit.o              20
    ------------------------------------------------
    Total:                      21

dlstm8smn.a: [4]
    cexit.o                      5
    cstartup.o                  19
    dc_util.o                   13
    exit.o                       3
    init.o                      23
    init_small.o                40
    interrupt.o                  3      128
    long.o                     114
    long_util.o                 12
    low_level_init.o             3
    short.o                     13
    unhandled_exception.o        3
    vreg_util.o                184
    vregs.o                                       16
    ------------------------------------------------
    Total:                     435      128       16

    Linker created                       10      256
----------------------------------------------------
    Grand Total:             1 771      163      293


*******************************************************************************
*** ENTRY LIST
***

Entry                    Address   Size  Type      Object
-----                    -------   ----  ----      ------
.iar.init_table$$Base   0x0085ce          --   Gb  - Linker created -
.iar.init_table$$Limit  0x0085d8          --   Gb  - Linker created -
?b0                     0x000000         Data  Gb  vregs.o [4]
?b1                     0x000001         Data  Gb  vregs.o [4]
?b10                    0x00000a         Data  Gb  vregs.o [4]
?b11                    0x00000b         Data  Gb  vregs.o [4]
?b12                    0x00000c         Data  Gb  vregs.o [4]
?b13                    0x00000d         Data  Gb  vregs.o [4]
?b14                    0x00000e         Data  Gb  vregs.o [4]
?b15                    0x00000f         Data  Gb  vregs.o [4]
?b2                     0x000002         Data  Gb  vregs.o [4]
?b3                     0x000003         Data  Gb  vregs.o [4]
?b4                     0x000004         Data  Gb  vregs.o [4]
?b5                     0x000005         Data  Gb  vregs.o [4]
?b6                     0x000006         Data  Gb  vregs.o [4]
?b7                     0x000007         Data  Gb  vregs.o [4]
?b8                     0x000008         Data  Gb  vregs.o [4]
?b9                     0x000009         Data  Gb  vregs.o [4]
?dc32_l0                0x00871e         Code  Gb  dc_util.o [4]
?e0                     0x000001         Data  Gb  vregs.o [4]
?e1                     0x000005         Data  Gb  vregs.o [4]
?e2                     0x000009         Data  Gb  vregs.o [4]
?e3                     0x00000d         Data  Gb  vregs.o [4]
?epilogue_l2            0x00820d         Code  Gb  vreg_util.o [4]
?epilogue_l2_l3         0x00820a         Code  Gb  vreg_util.o [4]
?l0                     0x000000         Data  Gb  vregs.o [4]
?l1                     0x000004         Data  Gb  vregs.o [4]
?l2                     0x000008         Data  Gb  vregs.o [4]
?l3                     0x00000c         Data  Gb  vregs.o [4]
?load32_l0_0x           0x00872b         Code  Gb  long_util.o [4]
?mov_e0_e2              0x008214         Code  Gb  vreg_util.o [4]
?mov_e1_e3              0x008221         Code  Gb  vreg_util.o [4]
?mov_e2_e0              0x00822e         Code  Gb  vreg_util.o [4]
?mov_e3_e0              0x00823b         Code  Gb  vreg_util.o [4]
?mov_l0_l2              0x008211         Code  Gb  vreg_util.o [4]
?mov_l1_l3              0x00821e         Code  Gb  vreg_util.o [4]
?mov_l2_l0              0x00822b         Code  Gb  vreg_util.o [4]
?mov_l3_l0              0x008238         Code  Gb  vreg_util.o [4]
?mov_w1_w5              0x008217         Code  Gb  vreg_util.o [4]
?mov_w3_w7              0x008224         Code  Gb  vreg_util.o [4]
?mov_w5_w1              0x008231         Code  Gb  vreg_util.o [4]
?mov_w7_w1              0x00823e         Code  Gb  vreg_util.o [4]
?pop_l0                 0x0081d6         Code  Gb  vreg_util.o [4]
?pop_l1                 0x0081e1         Code  Gb  vreg_util.o [4]
?pop_l2                 0x0081ec         Code  Gb  vreg_util.o [4]
?pop_l3                 0x0081f7         Code  Gb  vreg_util.o [4]
?push_l0                0x0081a5         Code  Gb  vreg_util.o [4]
?push_l1                0x0081aa         Code  Gb  vreg_util.o [4]
?push_l2                0x0081af         Code  Gb  vreg_util.o [4]
?push_l3                0x0081b4         Code  Gb  vreg_util.o [4]
?push_w4                0x00818d         Code  Gb  vreg_util.o [4]
?sll16_x_x_a            0x008711         Code  Gb  short.o [4]
?srl16_x_x_4            0x008719         Code  Gb  short.o [4]
?udiv32_l0_dl_l1        0x00836d         Code  Gb  long.o [4]
?udiv32_l0_l0_l1        0x008372         Code  Gb  long.o [4]
?umod32_l1_l0_l1        0x008372         Code  Gb  long.o [4]
?w0                     0x000000         Data  Gb  vregs.o [4]
?w1                     0x000002         Data  Gb  vregs.o [4]
?w2                     0x000004         Data  Gb  vregs.o [4]
?w3                     0x000006         Data  Gb  vregs.o [4]
?w4                     0x000008         Data  Gb  vregs.o [4]
?w5                     0x00000a         Data  Gb  vregs.o [4]
?w6                     0x00000c         Data  Gb  vregs.o [4]
?w7                     0x00000e         Data  Gb  vregs.o [4]
AWU_IRQHandler          0x00877a    0x1  Code  Gb  stm8l10x_it.o [1]
CLK_GetClockFreq        0x0084b6   0x35  Code  Gb  stm8l10x_clk.o [1]
CLK_MasterPrescalerConfig
                        0x0086f4   0x10  Code  Gb  stm8l10x_clk.o [1]
CLK_PeripheralClockConfig
                        0x0086ce   0x13  Code  Gb  stm8l10x_clk.o [1]
COMP_IRQHandler         0x008784    0x1  Code  Gb  stm8l10x_it.o [1]
CSTACK$$Base            0x000500          --   Gb  - Linker created -
CSTACK$$Limit           0x000600          --   Gb  - Linker created -
EXTI0_IRQHandler        0x00877d    0x1  Code  Gb  stm8l10x_it.o [1]
EXTI1_IRQHandler        0x008679   0x16  Code  Gb  stm8l10x_it.o [1]
EXTI2_IRQHandler        0x00877e    0x1  Code  Gb  stm8l10x_it.o [1]
EXTI3_IRQHandler        0x00877f    0x1  Code  Gb  stm8l10x_it.o [1]
EXTI4_IRQHandler        0x008780    0x1  Code  Gb  stm8l10x_it.o [1]
EXTI5_IRQHandler        0x008781    0x1  Code  Gb  stm8l10x_it.o [1]
EXTI6_IRQHandler        0x008782    0x1  Code  Gb  stm8l10x_it.o [1]
EXTI7_IRQHandler        0x008783    0x1  Code  Gb  stm8l10x_it.o [1]
EXTIB_IRQHandler        0x00877b    0x1  Code  Gb  stm8l10x_it.o [1]
EXTID_IRQHandler        0x00877c    0x1  Code  Gb  stm8l10x_it.o [1]
EXTI_ClearITPendingBit  0x008634   0x18  Code  Gb  stm8l10x_exti.o [1]
EXTI_SetPinSensitivity  0x008080  0x10d  Code  Gb  stm8l10x_exti.o [1]
FLASH_IRQHandler        0x008779    0x1  Code  Gb  stm8l10x_it.o [1]
GPIO_ExternalPullUpConfig
                        0x00857a   0x2c  Code  Gb  stm8l10x_gpio.o [1]
GPIO_Init               0x008245   0x9d  Code  Gb  stm8l10x_gpio.o [1]
GPIO_ResetBits          0x008760    0x4  Code  Gb  stm8l10x_gpio.o [1]
GPIO_SetBits            0x00874c    0x7  Code  Gb  stm8l10x_gpio.o [1]
HSIDivFactor            0x008758    0x4  Data  Gb  stm8l10x_clk.o [1]
I2C_IRQHandler          0x00878c    0x1  Code  Gb  stm8l10x_it.o [1]
INTVEC$$Base            0x008000          --   Gb  - Linker created -
INTVEC$$Limit           0x008080          --   Gb  - Linker created -
Init_CLK                0x00875c    0x4  Code  Gb  Board.o [1]
Init_CPU                0x008737    0xb  Code  Gb  Board.o [1]
Init_GPIO               0x008481   0x35  Code  Gb  Board.o [1]
Init_Uart               0x0084eb   0x32  Code  Gb  Board.o [1]
Key_Press_callback      0x008742    0xa  Code  Gb  main.o [1]
LED_Blink               0x008663   0x16  Code  Gb  Board.o [1]
Region$$Table$$Base     0x0085ce          --   Gb  - Linker created -
Region$$Table$$Limit    0x0085d8          --   Gb  - Linker created -
SPI_IRQHandler          0x00878a    0x1  Code  Gb  stm8l10x_it.o [1]
TIM2_CAP_IRQHandler     0x008786    0x1  Code  Gb  stm8l10x_it.o [1]
TIM2_UPD_OVF_TRG_BRK_IRQHandler
                        0x008785    0x1  Code  Gb  stm8l10x_it.o [1]
TIM3_CAP_IRQHandler     0x008788    0x1  Code  Gb  stm8l10x_it.o [1]
TIM3_UPD_OVF_TRG_BRK_IRQHandler
                        0x008787    0x1  Code  Gb  stm8l10x_it.o [1]
TIM4_UPD_OVF_IRQHandler
                        0x008789    0x1  Code  Gb  stm8l10x_it.o [1]
TRAP_IRQHandler         0x008778    0x1  Code  Gb  stm8l10x_it.o [1]
UART_Send_Buffer        0x00851d   0x30  Code  Gb  Board.o [1]
UART_Send_table         0x000010    0x8  Data  Gb  main.o [1]
UART_recive_buffer      0x00001a    0xa  Data  Gb  main.o [1]
UART_recive_callback    0x0083df   0x57  Code  Gb  main.o [1]
USART_Cmd               0x008704    0xd  Code  Gb  stm8l10x_usart.o [1]
USART_GetFlagStatus     0x0085f8   0x20  Code  Gb  stm8l10x_usart.o [1]
USART_ITConfig          0x008436   0x4b  Code  Gb  stm8l10x_usart.o [1]
USART_Init              0x0082e2   0x8b  Code  Gb  stm8l10x_usart.o [1]
USART_RX_IRQHandler     0x00868f   0x16  Code  Gb  stm8l10x_it.o [1]
USART_ReceiveData8      0x008764    0x4  Code  Gb  stm8l10x_usart.o [1]
USART_SendData8         0x008768    0x4  Code  Gb  stm8l10x_usart.o [1]
USART_TX_IRQHandler     0x00878b    0x1  Code  Gb  stm8l10x_it.o [1]
Uart_Send_flag          0x000019    0x1  Data  Gb  main.o [1]
Uart_recive_flag        0x000018    0x1  Data  Gb  main.o [1]
__DebugBreak            0x00878d    0x1  Code  Gb  __dbg_break.o [3]
__exit                  0x0086ba   0x14  Code  Gb  __dbg_xxexit.o [3]
__iar_copy_init2        0x0085a6         Code  Gb  init_small.o [4]
__iar_data_init2        0x00864c   0x17  Code  Gb  init.o [4]
__iar_program_start     0x0086e1         Code  Gb  cstartup.o [4]
__iar_unhandled_exception
                        0x008775         Code  Gb  unhandled_exception.o [4]
__intvec                0x008000         Data  Gb  interrupt.o [4]
__low_level_init        0x00876f    0x3  Code  Gb  low_level_init.o [4]
_delay_ms               0x008618   0x1c  Code  Gb  Board.o [1]
_delay_us               0x0085d8   0x20  Code  Gb  Board.o [1]
_exit                   0x008753         Code  Gb  cexit.o [4]
_interrupt_1            0x008778         Code  Gb  stm8l10x_it.o [1]
_interrupt_10           0x00877d         Code  Gb  stm8l10x_it.o [1]
_interrupt_11           0x008679         Code  Gb  stm8l10x_it.o [1]
_interrupt_12           0x00877e         Code  Gb  stm8l10x_it.o [1]
_interrupt_13           0x00877f         Code  Gb  stm8l10x_it.o [1]
_interrupt_14           0x008780         Code  Gb  stm8l10x_it.o [1]
_interrupt_15           0x008781         Code  Gb  stm8l10x_it.o [1]
_interrupt_16           0x008782         Code  Gb  stm8l10x_it.o [1]
_interrupt_17           0x008783         Code  Gb  stm8l10x_it.o [1]
_interrupt_20           0x008784         Code  Gb  stm8l10x_it.o [1]
_interrupt_21           0x008785         Code  Gb  stm8l10x_it.o [1]
_interrupt_22           0x008786         Code  Gb  stm8l10x_it.o [1]
_interrupt_23           0x008787         Code  Gb  stm8l10x_it.o [1]
_interrupt_24           0x008788         Code  Gb  stm8l10x_it.o [1]
_interrupt_27           0x008789         Code  Gb  stm8l10x_it.o [1]
_interrupt_28           0x00878a         Code  Gb  stm8l10x_it.o [1]
_interrupt_29           0x00878b         Code  Gb  stm8l10x_it.o [1]
_interrupt_3            0x008779         Code  Gb  stm8l10x_it.o [1]
_interrupt_30           0x00868f         Code  Gb  stm8l10x_it.o [1]
_interrupt_31           0x00878c         Code  Gb  stm8l10x_it.o [1]
_interrupt_6            0x00877a         Code  Gb  stm8l10x_it.o [1]
_interrupt_8            0x00877b         Code  Gb  stm8l10x_it.o [1]
_interrupt_9            0x00877c         Code  Gb  stm8l10x_it.o [1]
counter                 0x000024    0x1  Data  Gb  main.o [1]
exit                    0x008772    0x3  Code  Gb  exit.o [4]
main                    0x00854d   0x2d  Code  Gb  main.o [1]


[1] = D:\Project\STM8\UART_key\Debug\Obj
[2] = command line
[3] = dbgstm8smd.a
[4] = dlstm8smn.a

  1 771 bytes of readonly  code memory
    163 bytes of readonly  data memory
    293 bytes of readwrite data memory

Errors: none
Warnings: none
